// Vitest Snapshot v1

exports[`index page > stub default layout 1`] = `"Impressum"`;
